{
  "versionInfo": "00000001",
  "resources": [
    {
      "@type": "type.googleapis.com/envoy.api.v2.RouteConfiguration",
      "name": "http",
      "virtualHosts": [
        {
          "name": "foo",
          "domains": [
            "foo.*"
          ],
          "routes": [
            {
              "match": {
                "prefix": "/"
              },
              "route": {
                "cluster": "foo.default.dc1.internal.11111111-2222-3333-4444-555555555555.consul"
              }
            }
          ]
        },
        {
          "name": "bar",
          "domains": [
            "bar.*"
          ],
          "routes": [
            {
              "match": {
                "prefix": "/"
              },
              "route": {
                "cluster": "bar.default.dc1.internal.11111111-2222-3333-4444-555555555555.consul"
              }
            }
          ]
        }
      ],
      "validateClusters": true
    }
  ],
  "typeUrl": "type.googleapis.com/envoy.api.v2.RouteConfiguration",
  "nonce": "00000001"
}