{
  "versionInfo": "00000001",
  "resources": [
    {
      "@type": "type.googleapis.com/envoy.api.v2.Listener",
      "name": "default:1.2.3.4:8443",
      "address": {
        "socketAddress": {
          "address": "1.2.3.4",
          "portValue": 8443
        }
      },
      "listenerFilters": [
        {
          "name": "envoy.listener.tls_inspector"
        }
      ]
    }
  ],
  "typeUrl": "type.googleapis.com/envoy.api.v2.Listener",
  "nonce": "00000001"
}